reset
logging off
${set_warning_count(0)}

${radius = 0.032}
${height = 0.064}
${neck_radius = 0.016}
${notch_radius = 0.008}
${overlap = 0.008}
${coarse_height = 0.048}
${fine_height = height}
${offset = height - coarse_height / 2.0}
${h_fine = 0.001}
${h_coarse = 0.001}
${intervals = 16}
${rel_tol = 0.0001}
${lo = 1.0 - rel_tol}
${hi = 1.0 + rel_tol}

# volume 1
create cylinder radius {radius} z {2.0 * fine_height}
create brick x {2.0 * radius} y {2.0 * radius} z {2.0 * notch_radius}
webcut volume 2 cylinder radius {neck_radius + notch_radius} axis z
delete volume 3
create torus major {neck_radius + notch_radius} minor {notch_radius}
unite volume 2 4
subtract volume 2 from volume 1
webcut volume 1 with plane zplane
delete volume 5
create cylinder radius {radius} z {coarse_height}
move volume 6 z {offset} include_merged
webcut volume 1 with plane xplane
delete volume 7
webcut volume 1 with plane yplane
delete volume 1
webcut volume 6 with plane xplane
delete volume 9
webcut volume 6 with plane yplane
delete volume 6
webcut volume 8 with cylinder radius {0.5 * neck_radius} axis z center 0 0 0
imprint volume 8 11
merge volume 8 11
surface 77 size {h_fine}
surface 77 scheme pave
surface 77 smooth scheme laplacian
mesh surface 77 
curve 106 69 70 74 73 104 interval 50
mesh volume 8
delete volume 10
surface 80 size {h_fine}
surface 80 scheme pave
mesh surface 80
volume 11 scheme sweep source surface 80 target surface 83 sweep_smooth linear sweep_transform translate propagate_bias autosmooth_target off
mesh volume 11
block 1 volume 8 11
block 1 name "fine"
${bot_1 = -rel_tol}
${top_1 = rel_tol}
nodeset 1 node with x_coord > {bot_1} && x_coord < {top_1}
nodeset 2 node with y_coord > {bot_1} && y_coord < {top_1}
nodeset 3 surface with z_coord > {bot_1} && z_coord < {top_1}
${z2 = height}
${bot_2 = lo * z2}
${top_2 = hi * z2}
nodeset 4 surface with z_coord > {bot_2} && z_coord < {top_2}
set large exodus file off
export mesh "notched-cylinder.g" overwrite

