# spheregen.py --ignore-blocks 2 -o CMWA_1.g CMWA_1_AllHex.g ; spheregen.py --ignore-blocks 2 -o CMWA_2.g CMWA_2_AllHex.g ; spheregen.py --ignore-blocks 2 -o CMWA_3.g CMWA_3_AllHex.g ; spheregen.py --ignore-blocks 2 -o CMWA_4.g CMWA_4_AllHex.g

reset

#{BAR_LENGTH=2.5}
#{BAR_WIDTH=0.5}
#{HORIZON=BAR_WIDTH/2}
#{ELEMENT_SIZE=HORIZON/2}
#{OVERLAP=1.0}

create brick x {BAR_LENGTH} y {BAR_WIDTH} z {BAR_WIDTH}
volume 1 move x {BAR_LENGTH/2.0} y {BAR_WIDTH/2.0} z {BAR_WIDTH/2.0}
volume 1 copy move x {BAR_LENGTH-OVERLAP} y 0.0 z 0.0
webcut volume 1 with plane xplane offset {HORIZON} imprint merge
webcut volume 1 with plane xplane offset {BAR_LENGTH-HORIZON} imprint merge
volume all size {ELEMENT_SIZE}
mesh volume all
block 1 volume 1 3 4
block 2 volume 2
nodeset 1 volume   3  # left end of pd bar
nodeset 2 surface 12  # right end of fem bar
nodeset 3 volume   1  # right side of pd bar (within overlap region)
nodeset 4 surface 10  # left side of fem bar (within overlap region)
nodeset 5 volume 1 surface 10 # union of control volumes
export genesis 'CMWA_1_AllHex.g' overwrite


reset

#{BAR_LENGTH=2.5}
#{BAR_WIDTH=0.5}
#{HORIZON=BAR_WIDTH/3}
#{ELEMENT_SIZE=HORIZON/2}
#{OVERLAP=1.0}

create brick x {BAR_LENGTH} y {BAR_WIDTH} z {BAR_WIDTH}
volume 1 move x {BAR_LENGTH/2.0} y {BAR_WIDTH/2.0} z {BAR_WIDTH/2.0}
volume 1 copy move x {BAR_LENGTH-OVERLAP} y 0.0 z 0.0
webcut volume 1 with plane xplane offset {HORIZON} imprint merge
webcut volume 1 with plane xplane offset {BAR_LENGTH-HORIZON} imprint merge
volume all size {ELEMENT_SIZE}
mesh volume all
block 1 volume 1 3 4
block 2 volume 2
nodeset 1 volume   3  # left end of pd bar
nodeset 2 surface 12  # right end of fem bar
nodeset 3 volume   1  # right side of pd bar (within overlap region)
nodeset 4 surface 10  # left side of fem bar (within overlap region)
nodeset 5 volume 1 surface 10 # union of control volumes
export genesis 'CMWA_2_AllHex.g' overwrite


reset

#{BAR_LENGTH=2.5}
#{BAR_WIDTH=0.5}
#{HORIZON=BAR_WIDTH/4}
#{ELEMENT_SIZE=HORIZON/2}
#{OVERLAP=1.0}

create brick x {BAR_LENGTH} y {BAR_WIDTH} z {BAR_WIDTH}
volume 1 move x {BAR_LENGTH/2.0} y {BAR_WIDTH/2.0} z {BAR_WIDTH/2.0}
volume 1 copy move x {BAR_LENGTH-OVERLAP} y 0.0 z 0.0
webcut volume 1 with plane xplane offset {HORIZON} imprint merge
webcut volume 1 with plane xplane offset {BAR_LENGTH-HORIZON} imprint merge
volume all size {ELEMENT_SIZE}
mesh volume all
block 1 volume 1 3 4
block 2 volume 2
nodeset 1 volume   3  # left end of pd bar
nodeset 2 surface 12  # right end of fem bar
nodeset 3 volume   1  # right side of pd bar (within overlap region)
nodeset 4 surface 10  # left side of fem bar (within overlap region)
nodeset 5 volume 1 surface 10 # union of control volumes
export genesis 'CMWA_3_AllHex.g' overwrite


reset

#{BAR_LENGTH=2.5}
#{BAR_WIDTH=0.5}
#{HORIZON=BAR_WIDTH/5}
#{ELEMENT_SIZE=HORIZON/2}
#{OVERLAP=1.0}

create brick x {BAR_LENGTH} y {BAR_WIDTH} z {BAR_WIDTH}
volume 1 move x {BAR_LENGTH/2.0} y {BAR_WIDTH/2.0} z {BAR_WIDTH/2.0}
volume 1 copy move x {BAR_LENGTH-OVERLAP} y 0.0 z 0.0
webcut volume 1 with plane xplane offset {HORIZON} imprint merge
webcut volume 1 with plane xplane offset {BAR_LENGTH-HORIZON} imprint merge
volume all size {ELEMENT_SIZE}
mesh volume all
block 1 volume 1 3 4
block 2 volume 2
nodeset 1 volume   3  # left end of pd bar
nodeset 2 surface 12  # right end of fem bar
nodeset 3 volume   1  # right side of pd bar (within overlap region)
nodeset 4 surface 10  # left side of fem bar (within overlap region)
nodeset 5 volume 1 surface 10 # union of control volumes
export genesis 'CMWA_4_AllHex.g' overwrite


