create vertex 0 0.45 0 
create vertex 1 0.45 0 
create vertex 1 0.55 0 
create vertex 0 0.55 0 
create planar surface with plane vertex 1 vertex 2 vertex 3 
surface 1  size 0.01
mesh surface 1
set duplicate block elements on
block 1 surface 1 
block 1 element type quad4
block 1 name "pipe"
#block 2 face 1 to 10
#block 2 element type quad4
#block 2 name "inlet_eb" 
#block 3 face 991 to 1000
#block 3 element type quad4
#block 3 name "outlet_eb"
nodeset 1 curve 2  # bottom
nodeset 1 name "bottom"
nodeset 2 curve 4  # top
nodeset 2 name "top"
nodeset 3 curve 1  # inlet
nodeset 3 name "inlet"
nodeset 4 curve 3  # outlet
nodeset 4 name "outlet"
Sideset 1 curve 1  # inlet
Sideset 1 name "inlet_ss"
Sideset 2 curve 3  # outlet
Sideset 2 name "outlet_ss"
set large exodus file on
#export Genesis  "/Users/etphipp/development/Albany/Albany/examples/NSReactor2/pipe_med.exo" dimension 2 block 1, 2, 3 overwrite
export Genesis  "/Users/etphipp/development/Albany/Albany/examples/NSReactor2/pipe_med.exo" dimension 2 block 1 overwrite